<html>
<body>
  <form wicket:id="form" id="form1" method="post" action="./page?0-1.-form"><div id="form1_hf_0" hidden="" class="hidden-fields"></div>
    <select wicket:id="dropdown" name="dropdown">
<option selected="selected" value="">Choose One</option>
<option value="0">Service0-no-group</option>
<option value="1">Service0.1-no-group</option>
<optgroup label='main'>
<option value="2">Service1</option>
<option value="3">Service2</option>
</optgroup>
<option value="4">Service2.1-no-group</option>
<option value="5">Service2.2-no-group</option>
<optgroup label='secondary'>
<option value="6">Service3</option>
<option value="7">Service4</option>
<option value="8">Service5</option>
</optgroup>
<option value="9">Service5.1-no-group</option>
<option value="10">Service5.2-no-group</option>
<optgroup label='other'>
<option value="11">Service6</option>
<option value="12">Service6.1</option>
</optgroup>
<option value="13">Service7-no-group</option>
<option value="14">Service8-no-group</option>
</select>
  </form>
</body>
</html>